{"timestamp":"2026-09-30 01:50:25.008","message":"stopped(false) old=false","level":"Info","pid":7629,"process":"com.freebay.app","tag":"ViewRootImpl@39e8869[MainActivity]"}
{"timestamp":"2026-09-30 01:50:25.040","message":"nativeRelease nativeObject s[491486296416]","level":"Info","pid":7629,"process":"com.freebay.app","tag":"SurfaceControl"}
{"timestamp":"2026-09-30 01:50:25.040","message":"nativeRelease nativeObject e[491486296416]","level":"Info","pid":7629,"process":"com.freebay.app","tag":"SurfaceControl"}
{"timestamp":"2026-09-30 01:50:25.055","message":"nativeRelease nativeObject s[488999662752]","level":"Info","pid":7629,"process":"com.freebay.app","tag":"SurfaceControl"}
{"timestamp":"2026-09-30 01:50:25.056","message":"nativeRelease nativeObject e[488999662752]","level":"Info","pid":7629,"process":"com.freebay.app","tag":"SurfaceControl"}
{"timestamp":"2026-09-30 01:50:25.058","message":"assignNativeObject: nativeObject = 0 Surface(name=null)/@0xce979ab / android.view.SurfaceControl.readFromParcel:1121 android.view.IWindowSession$Stub$Proxy.relayout:1840 android.view.ViewRootImpl.relayoutWindow:9005 android.view.ViewRootImpl.performTraversals:3360 android.view.ViewRootImpl.doTraversal:2618 android.view.ViewRootImpl$TraversalRunnable.run:9971 android.view.Choreographer$CallbackRecord.run:1010 android.view.Choreographer.doCallbacks:809 android.view.Choreographer.doFrame:744 android.view.Choreographer$FrameDisplayEventReceiver.run:995 ","level":"Info","pid":7629,"process":"com.freebay.app","tag":"SurfaceControl"}
{"timestamp":"2026-09-30 01:50:25.061","message":"nativeRelease nativeObject s[491486296608]","level":"Info","pid":7629,"process":"com.freebay.app","tag":"SurfaceControl"}
{"timestamp":"2026-09-30 01:50:25.061","message":"nativeRelease nativeObject e[491486296608]","level":"Info","pid":7629,"process":"com.freebay.app","tag":"SurfaceControl"}
{"timestamp":"2026-09-30 01:50:25.061","message":"nativeRelease nativeObject s[491486295552]","level":"Info","pid":7629,"process":"com.freebay.app","tag":"SurfaceControl"}
{"timestamp":"2026-09-30 01:50:25.061","message":"nativeRelease nativeObject e[491486295552]","level":"Info","pid":7629,"process":"com.freebay.app","tag":"SurfaceControl"}
{"timestamp":"2026-09-30 01:50:25.061","message":"nativeRelease nativeObject s[491486294688]","level":"Info","pid":7629,"process":"com.freebay.app","tag":"SurfaceControl"}
{"timestamp":"2026-09-30 01:50:25.061","message":"nativeRelease nativeObject e[491486294688]","level":"Info","pid":7629,"process":"com.freebay.app","tag":"SurfaceControl"}
{"timestamp":"2026-09-30 01:50:25.062","message":"Relayout returned: old=(0,0,1080,2340) new=(0,0,1080,2340) req=(1080,2340)0 dur=12 res=0x1 s={true 489057710080} ch=false fn=4","level":"Info","pid":7629,"process":"com.freebay.app","tag":"ViewRootImpl@39e8869[MainActivity]"}
{"timestamp":"2026-09-30 01:50:25.062","message":"updateBoundsLayer: shouldReparent = false t = android.view.SurfaceControl$Transaction@d23efe8 sc = Surface(name=Bounds for - com.freebay.app/com.freebay.app.MainActivity@0)/@0xd60601 frame = 4","level":"Info","pid":7629,"process":"com.freebay.app","tag":"ViewRootImpl@39e8869[MainActivity]"}
{"timestamp":"2026-09-30 01:50:25.101","message":"registerListener :: 0, LSM6DSL Accelerometer, 200000, 0, android.view.OrientationEventListener$SensorEventListenerImpl@cc82f9f","level":"Debug","pid":7629,"process":"com.freebay.app","tag":"SensorManager"}
{"timestamp":"2026-09-30 01:50:25.123","message":"MSG_WINDOW_FOCUS_CHANGED 1 1","level":"Info","pid":7629,"process":"com.freebay.app","tag":"ViewRootImpl@39e8869[MainActivity]"}
{"timestamp":"2026-09-30 01:50:25.123","message":"prepareNavigationBarInfo() DecorView@332d500[MainActivity]","level":"Debug","pid":7629,"process":"com.freebay.app","tag":"InputMethodManager"}
{"timestamp":"2026-09-30 01:50:25.123","message":"getNavigationBarColor() -16777216","level":"Debug","pid":7629,"process":"com.freebay.app","tag":"InputMethodManager"}
{"timestamp":"2026-09-30 01:50:25.126","message":"prepareNavigationBarInfo() DecorView@332d500[MainActivity]","level":"Debug","pid":7629,"process":"com.freebay.app","tag":"InputMethodManager"}
{"timestamp":"2026-09-30 01:50:25.126","message":"getNavigationBarColor() -16777216","level":"Debug","pid":7629,"process":"com.freebay.app","tag":"InputMethodManager"}
{"timestamp":"2026-09-30 01:50:25.126","message":"Starting input: tba=com.freebay.app ic=null mNaviBarColor -16777216 mIsGetNaviBarColorSuccess true , NavVisible : true , NavTrans : false","level":"Verbose","pid":7629,"process":"com.freebay.app","tag":"InputMethodManager"}
{"timestamp":"2026-09-30 01:50:25.126","message":"startInputInner - Id : 0","level":"Debug","pid":7629,"process":"com.freebay.app","tag":"InputMethodManager"}
{"timestamp":"2026-09-30 01:50:25.126","message":"startInputInner - mService.startInputOrWindowGainedFocus","level":"Info","pid":7629,"process":"com.freebay.app","tag":"InputMethodManager"}
{"timestamp":"2026-09-30 01:50:25.129","message":"Input channel constructed: 'ClientS', fd=159","level":"Debug","pid":7629,"process":"com.freebay.app","tag":"InputTransport"}
{"timestamp":"2026-09-30 01:50:25.129","message":"Input channel destroyed: 'ClientS', fd=155","level":"Debug","pid":7629,"process":"com.freebay.app","tag":"InputTransport"}
{"timestamp":"2026-09-30 01:50:25.187","message":"mRequiredFreeStorageBytes = 50 MB","level":"Debug","pid":7629,"process":"com.freebay.app","tag":"Recorder"}
{"timestamp":"2026-09-30 01:50:25.224","message":"core DeviceQuirks = SurfaceOrderQuirk | LargeJpegImageQuirk","level":"Debug","pid":7629,"process":"com.freebay.app","tag":"DeviceQuirks"}
{"timestamp":"2026-09-30 01:50:25.239","message":"Detaching [] from UseCaseManager\u003cCameraGraphConfigProvider\u003cCameraId-1\u003e\u003e (Ignored)","level":"Warning","pid":7629,"process":"com.freebay.app","tag":"CXCP"}
{"timestamp":"2026-09-30 01:50:25.247","message":"resolveFeatureGroup: sessionConfig = SessionConfig@1e99e9b {useCases=[Preview:androidx.camera.core.Preview-cbb81ee5-cfec-402b-b1c3-7a5d39f14666, ImageCapture:androidx.camera.core.ImageCapture-929d6c75-37e2-4ded-9c28-6963189abda5, ImageAnalysis:androidx.camera.core.ImageAnalysis-562afc9c-d159-4757-aea5-a24fdbd76baf], frameRateRange=[0, 0], requiredFeatureGroup=[], preferredFeatureGroup=[], effects=[], viewPort=null}, lensFacing = 0","level":"Debug","pid":7629,"process":"com.freebay.app","tag":"ResolvedFeatureGroup"}
{"timestamp":"2026-09-30 01:50:25.248","message":"addUseCases: appUseCasesToAdd = [Preview:androidx.camera.core.Preview-cbb81ee5-cfec-402b-b1c3-7a5d39f14666, ImageCapture:androidx.camera.core.ImageCapture-929d6c75-37e2-4ded-9c28-6963189abda5, ImageAnalysis:androidx.camera.core.ImageAnalysis-562afc9c-d159-4757-aea5-a24fdbd76baf], featureGroup = null","level":"Debug","pid":7629,"process":"com.freebay.app","tag":"CameraUseCaseAdapter"}
{"timestamp":"2026-09-30 01:50:25.251","message":"Creating config for PREVIEW","level":"Debug","pid":7629,"process":"com.freebay.app","tag":"CXCP"}
{"timestamp":"2026-09-30 01:50:25.256","message":"Creating config for IMAGE_CAPTURE","level":"Debug","pid":7629,"process":"com.freebay.app","tag":"CXCP"}
{"timestamp":"2026-09-30 01:50:25.261","message":"Creating config for IMAGE_ANALYSIS","level":"Debug","pid":7629,"process":"com.freebay.app","tag":"CXCP"}
{"timestamp":"2026-09-30 01:50:25.265","message":"Creating config for PREVIEW","level":"Debug","pid":7629,"process":"com.freebay.app","tag":"CXCP"}
{"timestamp":"2026-09-30 01:50:25.268","message":"Creating config for IMAGE_CAPTURE","level":"Debug","pid":7629,"process":"com.freebay.app","tag":"CXCP"}
{"timestamp":"2026-09-30 01:50:25.272","message":"Creating config for IMAGE_ANALYSIS","level":"Debug","pid":7629,"process":"com.freebay.app","tag":"CXCP"}
{"timestamp":"2026-09-30 01:50:25.281","message":"applyFeaturesToConfig: mFeatureGroup = null, this = Preview:androidx.camera.core.Preview-cbb81ee5-cfec-402b-b1c3-7a5d39f14666","level":"Debug","pid":7629,"process":"com.freebay.app","tag":"UseCase"}
{"timestamp":"2026-09-30 01:50:25.283","message":"useCaseConfig = androidx.camera.core.impl.PreviewConfig@5adf238, candidateSizes = [3824x2868, 3824x2152, 2864x2864, 3824x1764, 2336x1080, 1920x1080, 1440x1080, 1088x1088, 1280x720, 960x720, 720x480, 640x480, 640x360, 352x288, 320x240, 256x144, 176x144]","level":"Debug","pid":7629,"process":"com.freebay.app","tag":"SupportedOutputSizesCollector"}
{"timestamp":"2026-09-30 01:50:25.287","message":"applyFeaturesToConfig: mFeatureGroup = null, this = ImageCapture:androidx.camera.core.ImageCapture-929d6c75-37e2-4ded-9c28-6963189abda5","level":"Debug","pid":7629,"process":"com.freebay.app","tag":"UseCase"}
{"timestamp":"2026-09-30 01:50:25.289","message":"useCaseConfig = androidx.camera.core.impl.ImageCaptureConfig@a2d6211, candidateSizes = [3824x2868, 3824x2152, 2864x2864, 3824x1764, 2336x1080, 1920x1080, 1440x1080, 1088x1088, 1280x720, 960x720, 720x480, 640x480, 640x360, 352x288, 320x240]","level":"Debug","pid":7629,"process":"com.freebay.app","tag":"SupportedOutputSizesCollector"}
{"timestamp":"2026-09-30 01:50:25.292","message":"applyFeaturesToConfig: mFeatureGroup = null, this = ImageAnalysis:androidx.camera.core.ImageAnalysis-562afc9c-d159-4757-aea5-a24fdbd76baf","level":"Debug","pid":7629,"process":"com.freebay.app","tag":"UseCase"}
{"timestamp":"2026-09-30 01:50:25.293","message":"useCaseConfig = androidx.camera.core.impl.ImageAnalysisConfig@35a1f76, candidateSizes = [3824x2868, 3824x2152, 2864x2864, 3824x1764, 2336x1080, 1920x1080, 1440x1080, 1088x1088, 1280x720, 960x720, 720x480, 640x480, 640x360, 352x288, 320x240, 256x144, 176x144]","level":"Debug","pid":7629,"process":"com.freebay.app","tag":"SupportedOutputSizesCollector"}
{"timestamp":"2026-09-30 01:50:25.298","message":"applyFeaturesToConfig: mFeatureGroup = null, this = Preview:androidx.camera.core.Preview-cbb81ee5-cfec-402b-b1c3-7a5d39f14666","level":"Debug","pid":7629,"process":"com.freebay.app","tag":"UseCase"}
{"timestamp":"2026-09-30 01:50:25.299","message":"applyFeaturesToConfig: mFeatureGroup = null, this = ImageCapture:androidx.camera.core.ImageCapture-929d6c75-37e2-4ded-9c28-6963189abda5","level":"Debug","pid":7629,"process":"com.freebay.app","tag":"UseCase"}
{"timestamp":"2026-09-30 01:50:25.300","message":"applyFeaturesToConfig: mFeatureGroup = null, this = ImageAnalysis:androidx.camera.core.ImageAnalysis-562afc9c-d159-4757-aea5-a24fdbd76baf","level":"Debug","pid":7629,"process":"com.freebay.app","tag":"UseCase"}
{"timestamp":"2026-09-30 01:50:25.301","message":"applyFeaturesToConfig: mFeatureGroup = null, this = Preview:androidx.camera.core.Preview-cbb81ee5-cfec-402b-b1c3-7a5d39f14666","level":"Debug","pid":7629,"process":"com.freebay.app","tag":"UseCase"}
{"timestamp":"2026-09-30 01:50:25.302","message":"applyFeaturesToConfig: mFeatureGroup = null, this = ImageCapture:androidx.camera.core.ImageCapture-929d6c75-37e2-4ded-9c28-6963189abda5","level":"Debug","pid":7629,"process":"com.freebay.app","tag":"UseCase"}
{"timestamp":"2026-09-30 01:50:25.302","message":"applyFeaturesToConfig: mFeatureGroup = null, this = ImageAnalysis:androidx.camera.core.ImageAnalysis-562afc9c-d159-4757-aea5-a24fdbd76baf","level":"Debug","pid":7629,"process":"com.freebay.app","tag":"UseCase"}
{"timestamp":"2026-09-30 01:50:25.305","message":"DynamicRangeResolver: Resolved dynamic range for use case androidx.camera.core.Preview-cbb81ee5-cfec-402b-b1c3-7a5d39f14666 to no compatible HDR dynamic ranges.","level":"Debug","pid":7629,"process":"com.freebay.app","tag":"CXCP"}
{"timestamp":"2026-09-30 01:50:25.305","message":"DynamicRange@f6bf9e4{encoding=UNSPECIFIED, bitDepth=0}","level":"Debug","pid":7629,"process":"com.freebay.app","tag":"CXCP"}
{"timestamp":"2026-09-30 01:50:25.305","message":"-\u003e","level":"Debug","pid":7629,"process":"com.freebay.app","tag":"CXCP"}
{"timestamp":"2026-09-30 01:50:25.305","message":"DynamicRange@e398977{encoding=SDR, bitDepth=8}","level":"Debug","pid":7629,"process":"com.freebay.app","tag":"CXCP"}
{"timestamp":"2026-09-30 01:50:25.305","message":"resolvedDynamicRanges = {androidx.camera.core.impl.ImageCaptureConfig@a2d6211=DynamicRange@e398977{encoding=SDR, bitDepth=8}, androidx.camera.core.impl.ImageAnalysisConfig@35a1f76=DynamicRange@e398977{encoding=SDR, bitDepth=8}, androidx.camera.core.impl.PreviewConfig@5adf238=DynamicRange@e398977{encoding=SDR, bitDepth=8}}","level":"Debug","pid":7629,"process":"com.freebay.app","tag":"CXCP"}
{"timestamp":"2026-09-30 01:50:25.305","message":"getSuggestedStreamSpecifications: isPreviewStabilizationSupported = false, isFeatureComboInvocation = false","level":"Debug","pid":7629,"process":"com.freebay.app","tag":"CXCP"}
{"timestamp":"2026-09-30 01:50:25.306","message":"resolveSpecsByCheckingMethod: checkingMethod = WITHOUT_FEATURE_COMBO","level":"Debug","pid":7629,"process":"com.freebay.app","tag":"CXCP"}
{"timestamp":"2026-09-30 01:50:25.308","message":"resolveSpecsBySettings: featureSettings = FeatureSettings(cameraMode=0, requiredMaxBitDepth=8, hasVideoCapture=false, videoStabilization=UNSPECIFIED, isUltraHdrOn=false, isHighSpeedOn=false, isFeatureComboInvocation=false, requiresFeatureComboQuery=false, targetFpsRange=[0, 0], isStrictFpsRequired=false)","level":"Debug","pid":7629,"process":"com.freebay.app","tag":"CXCP"}
{"timestamp":"2026-09-30 01:50:25.324","message":"camera2 CameraQuirks = AfRegionFlipHorizontallyQuirk | CloseCaptureSessionOnVideoQuirk | FinalizeSessionOnCloseQuirk","level":"Debug","pid":7629,"process":"com.freebay.app","tag":"CameraQuirks"}
{"timestamp":"2026-09-30 01:50:25.325","message":"camera2 CameraQuirks = AfRegionFlipHorizontallyQuirk | CloseCaptureSessionOnVideoQuirk | FinalizeSessionOnCloseQuirk","level":"Debug","pid":7629,"process":"com.freebay.app","tag":"CameraQuirks"}
{"timestamp":"2026-09-30 01:50:25.326","message":"camera2 CameraQuirks = AfRegionFlipHorizontallyQuirk | CloseCaptureSessionOnVideoQuirk | FinalizeSessionOnCloseQuirk","level":"Debug","pid":7629,"process":"com.freebay.app","tag":"CameraQuirks"}
{"timestamp":"2026-09-30 01:50:25.337","message":"resolveSpecsBySettings: bestSizesAndFps = BestSizesAndMaxFpsForConfigs(bestSizes=[720x480, 720x480, 720x480], bestSizesForStreamUseCase=null, maxFpsForBestSizes=30, maxFpsForStreamUseCase=2147483647, maxFpsForAllSizes=2147483647)","level":"Debug","pid":7629,"process":"com.freebay.app","tag":"CXCP"}
{"timestamp":"2026-09-30 01:50:25.340","message":"Detaching [] from UseCaseManager\u003cCameraGraphConfigProvider\u003cCameraId-1\u003e\u003e (Ignored)","level":"Warning","pid":7629,"process":"com.freebay.app","tag":"CXCP"}
{"timestamp":"2026-09-30 01:50:25.341","message":"applyFeaturesToConfig: mFeatureGroup = null, this = Preview:androidx.camera.core.Preview-cbb81ee5-cfec-402b-b1c3-7a5d39f14666","level":"Debug","pid":7629,"process":"com.freebay.app","tag":"UseCase"}
{"timestamp":"2026-09-30 01:50:25.342","message":"onSuggestedStreamSpecUpdated: primaryStreamSpec = StreamSpec{resolution=720x480, originalConfiguredResolution=720x480, dynamicRange=DynamicRange@e398977{encoding=SDR, bitDepth=8}, sessionType=0, expectedFrameRateRange=[0, 0], implementationOptions=androidx.camera.camera2.impl.Camera2ImplConfig@e8aa17c, zslDisabled=false}, secondaryStreamSpec null","level":"Debug","pid":7629,"process":"com.freebay.app","tag":"Preview"}
{"timestamp":"2026-09-30 01:50:25.347","message":"Surface created[total_surfaces=1, used_surfaces=0](androidx.camera.core.processing.SurfaceEdge$SettableSurface@22ba05}","level":"Debug","pid":7629,"process":"com.freebay.app","tag":"DeferrableSurface"}
{"timestamp":"2026-09-30 01:50:25.353","message":"Surface created[total_surfaces=2, used_surfaces=0](androidx.camera.core.SurfaceRequest$2@519f181}","level":"Debug","pid":7629,"process":"com.freebay.app","tag":"DeferrableSurface"}
{"timestamp":"2026-09-30 01:50:25.356","message":"New surface in use[total_surfaces=2, used_surfaces=1](androidx.camera.core.SurfaceRequest$2@519f181}","level":"Debug","pid":7629,"process":"com.freebay.app","tag":"DeferrableSurface"}
{"timestamp":"2026-09-30 01:50:25.356","message":"use count+1, useCount=1 androidx.camera.core.SurfaceRequest$2@519f181","level":"Debug","pid":7629,"process":"com.freebay.app","tag":"DeferrableSurface"}
{"timestamp":"2026-09-30 01:50:25.360","message":"applyFeaturesToConfig: mFeatureGroup = null, this = ImageCapture:androidx.camera.core.ImageCapture-929d6c75-37e2-4ded-9c28-6963189abda5","level":"Debug","pid":7629,"process":"com.freebay.app","tag":"UseCase"}
{"timestamp":"2026-09-30 01:50:25.361","message":"onSuggestedStreamSpecUpdated: primaryStreamSpec = StreamSpec{resolution=720x480, originalConfiguredResolution=720x480, dynamicRange=DynamicRange@e398977{encoding=SDR, bitDepth=8}, sessionType=0, expectedFrameRateRange=[0, 0], implementationOptions=androidx.camera.camera2.impl.Camera2ImplConfig@de66ab2, zslDisabled=false}, secondaryStreamSpec null","level":"Debug","pid":7629,"process":"com.freebay.app","tag":"ImageCapture"}
{"timestamp":"2026-09-30 01:50:25.362","message":"createPipeline(cameraId: 1, streamSpec: StreamSpec{resolution=720x480, originalConfiguredResolution=720x480, dynamicRange=DynamicRange@e398977{encoding=SDR, bitDepth=8}, sessionType=0, expectedFrameRateRange=[0, 0], implementationOptions=androidx.camera.camera2.impl.Camera2ImplConfig@de66ab2, zslDisabled=false})","level":"Debug","pid":7629,"process":"com.freebay.app","tag":"ImageCapture"}
{"timestamp":"2026-09-30 01:50:25.373","message":"Surface created[total_surfaces=3, used_surfaces=1](androidx.camera.core.impl.ImmediateSurface@749da03}","level":"Debug","pid":7629,"process":"com.freebay.app","tag":"DeferrableSurface"}
{"timestamp":"2026-09-30 01:50:25.380","message":"applyFeaturesToConfig: mFeatureGroup = null, this = ImageAnalysis:androidx.camera.core.ImageAnalysis-562afc9c-d159-4757-aea5-a24fdbd76baf","level":"Debug","pid":7629,"process":"com.freebay.app","tag":"UseCase"}
{"timestamp":"2026-09-30 01:50:25.381","message":"onSuggestedStreamSpecUpdated: primaryStreamSpec = StreamSpec{resolution=720x480, originalConfiguredResolution=720x480, dynamicRange=DynamicRange@e398977{encoding=SDR, bitDepth=8}, sessionType=0, expectedFrameRateRange=[0, 0], implementationOptions=androidx.camera.camera2.impl.Camera2ImplConfig@a324fb9, zslDisabled=false}, secondaryStreamSpec null","level":"Debug","pid":7629,"process":"com.freebay.app","tag":"ImageAnalysis"}
{"timestamp":"2026-09-30 01:50:25.385","message":"Surface created[total_surfaces=4, used_surfaces=1](androidx.camera.core.impl.ImmediateSurface@dcc7ffe}","level":"Debug","pid":7629,"process":"com.freebay.app","tag":"DeferrableSurface"}
{"timestamp":"2026-09-30 01:50:25.387","message":"Attaching [Preview:androidx.camera.core.Preview-cbb81ee5-cfec-402b-b1c3-7a5d39f14666, ImageCapture:androidx.camera.core.ImageCapture-929d6c75-37e2-4ded-9c28-6963189abda5, ImageAnalysis:androidx.camera.core.ImageAnalysis-562afc9c-d159-4757-aea5-a24fdbd76baf] from UseCaseManager\u003cCameraGraphConfigProvider\u003cCameraId-1\u003e\u003e","level":"Debug","pid":7629,"process":"com.freebay.app","tag":"CXCP"}
{"timestamp":"2026-09-30 01:50:25.395","message":"Prepared UseCaseGraphContext (Deferred)","level":"Debug","pid":7629,"process":"com.freebay.app","tag":"CXCP"}
{"timestamp":"2026-09-30 01:50:25.398","message":"Configured UseCaseCamera-1","level":"Debug","pid":7629,"process":"com.freebay.app","tag":"CXCP"}
{"timestamp":"2026-09-30 01:50:25.400","message":"populateSurfaceToStreamUseCaseMapping() - streamUseCaseMap = {}","level":"Debug","pid":7629,"process":"com.freebay.app","tag":"CXCP"}
{"timestamp":"2026-09-30 01:50:25.403","message":"setFlashAsync: flashMode = 2, requestControl = androidx.camera.camera2.impl.DeferredUseCaseCameraRequestControl@ac13cf1","level":"Debug","pid":7629,"process":"com.freebay.app","tag":"CXCP"}
{"timestamp":"2026-09-30 01:50:25.403","message":"Expected stream use case for androidx.camera.core.SurfaceRequest$2@519f181, null cannot be set!","level":"Warning","pid":7629,"process":"com.freebay.app","tag":"CXCP"}
{"timestamp":"2026-09-30 01:50:25.404","message":"Expected stream use case for androidx.camera.core.impl.ImmediateSurface@749da03, null cannot be set!","level":"Warning","pid":7629,"process":"com.freebay.app","tag":"CXCP"}
{"timestamp":"2026-09-30 01:50:25.404","message":"Expected stream use case for androidx.camera.core.impl.ImmediateSurface@dcc7ffe, null cannot be set!","level":"Warning","pid":7629,"process":"com.freebay.app","tag":"CXCP"}
{"timestamp":"2026-09-30 01:50:25.405","message":"Notifying [] camera control ready","level":"Debug","pid":7629,"process":"com.freebay.app","tag":"CXCP"}
{"timestamp":"2026-09-30 01:50:25.405","message":"onCameraControlReady","level":"Debug","pid":7629,"process":"com.freebay.app","tag":"ImageCapture"}
{"timestamp":"2026-09-30 01:50:25.405","message":"setFlashAsync: flashMode = 2, requestControl = androidx.camera.camera2.impl.DeferredUseCaseCameraRequestControl@ac13cf1","level":"Debug","pid":7629,"process":"com.freebay.app","tag":"CXCP"}
{"timestamp":"2026-09-30 01:50:25.421","message":"Loading metadata for CameraId-1","level":"Debug","pid":7629,"process":"com.freebay.app","tag":"CXCP"}
{"timestamp":"2026-09-30 01:50:25.425","message":"Loaded metadata for CameraId-1 in 3.707 ms","level":"Info","pid":7629,"process":"com.freebay.app","tag":"CXCP"}
{"timestamp":"2026-09-30 01:50:25.473","message":"postSingleUpdate device: camera id 0 status STATUS_PRESENT","level":"Info","pid":7629,"process":"com.freebay.app","tag":"CameraManagerGlobal"}
{"timestamp":"2026-09-30 01:50:25.473","message":"postSingleUpdate device: camera id 1 status STATUS_PRESENT","level":"Info","pid":7629,"process":"com.freebay.app","tag":"CameraManagerGlobal"}
{"timestamp":"2026-09-30 01:50:25.474","message":"Camera 1 has become available","level":"Debug","pid":7629,"process":"com.freebay.app","tag":"CXCP"}
{"timestamp":"2026-09-30 01:50:25.474","message":"postSingleUpdate device: camera id 2 status STATUS_PRESENT","level":"Info","pid":7629,"process":"com.freebay.app","tag":"CameraManagerGlobal"}
{"timestamp":"2026-09-30 01:50:25.476","message":"Camera2CameraController(CameraGraph-1) (CameraId-1) camera status changed: CameraAvailable(camera=CameraId-1)","level":"Debug","pid":7629,"process":"com.freebay.app","tag":"CXCP"}
{"timestamp":"2026-09-30 01:50:25.478","message":"Camera2CameraController(CameraGraph-1): Not restarting. Controller state = androidx.camera.camera2.pipe.CameraController$ControllerState$STOPPED@30be96a, last camera error = null, camera availability = CameraAvailable(camera=CameraId-1), last camera priorities changed = null, current timestamp = TimestampNs(value=3803545547364888).","level":"Debug","pid":7629,"process":"com.freebay.app","tag":"CXCP"}
{"timestamp":"2026-09-30 01:50:25.483","message":"CameraGraph-1 (Camera 1)","level":"Info","pid":7629,"process":"com.freebay.app","tag":"CXCP"}
{"timestamp":"2026-09-30 01:50:25.483","message":"  Facing:    Front (Physical, Limited)","level":"Info","pid":7629,"process":"com.freebay.app","tag":"CXCP"}
{"timestamp":"2026-09-30 01:50:25.483","message":"  Mode:      Normal","level":"Info","pid":7629,"process":"com.freebay.app","tag":"CXCP"}
{"timestamp":"2026-09-30 01:50:25.483","message":"Outputs:","level":"Info","pid":7629,"process":"com.freebay.app","tag":"CXCP"}
{"timestamp":"2026-09-30 01:50:25.483","message":"  Stream-1    Output-1    720x480     PRIVATE          [StreamUseHint(value=0)]","level":"Info","pid":7629,"process":"com.freebay.app","tag":"CXCP"}
{"timestamp":"2026-09-30 01:50:25.483","message":"  Stream-2    Output-2    720x480     JPEG             [StreamUseHint(value=0)]","level":"Info","pid":7629,"process":"com.freebay.app","tag":"CXCP"}
{"timestamp":"2026-09-30 01:50:25.483","message":"  Stream-3    Output-3    720x480     YUV_420_888      [StreamUseHint(value=0)]","level":"Info","pid":7629,"process":"com.freebay.app","tag":"CXCP"}
